 
****************************************
check_design summary:
Version:     K-2015.06-SP4
Date:        Sun Aug  9 16:10:27 2020
****************************************

                   Name                                            Total
--------------------------------------------------------------------------------
Inputs/Outputs                                                     26
    Feedthrough (LINT-29)                                           1
    Shorted outputs (LINT-31)                                      12
    Constant outputs (LINT-52)                                     13

Cells                                                               2
    Cells do not drive (LINT-1)                                     2
--------------------------------------------------------------------------------

Warning: In design 'fp16_to_fp32', cell 'B_11' does not drive any nets. (LINT-1)
Warning: In design 'fp16_to_fp32', cell 'C292' does not drive any nets. (LINT-1)
Warning: In design 'fp16_to_fp32', input port 'a[15]' is connected directly to output port 'b[31]'. (LINT-29)
Warning: In design 'fp16_to_fp32', output port 'b[12]' is connected directly to output port 'b[0]'. (LINT-31)
Warning: In design 'fp16_to_fp32', output port 'b[12]' is connected directly to output port 'b[1]'. (LINT-31)
Warning: In design 'fp16_to_fp32', output port 'b[12]' is connected directly to output port 'b[2]'. (LINT-31)
Warning: In design 'fp16_to_fp32', output port 'b[12]' is connected directly to output port 'b[3]'. (LINT-31)
Warning: In design 'fp16_to_fp32', output port 'b[12]' is connected directly to output port 'b[4]'. (LINT-31)
Warning: In design 'fp16_to_fp32', output port 'b[12]' is connected directly to output port 'b[5]'. (LINT-31)
Warning: In design 'fp16_to_fp32', output port 'b[12]' is connected directly to output port 'b[6]'. (LINT-31)
Warning: In design 'fp16_to_fp32', output port 'b[12]' is connected directly to output port 'b[7]'. (LINT-31)
Warning: In design 'fp16_to_fp32', output port 'b[12]' is connected directly to output port 'b[8]'. (LINT-31)
Warning: In design 'fp16_to_fp32', output port 'b[12]' is connected directly to output port 'b[9]'. (LINT-31)
Warning: In design 'fp16_to_fp32', output port 'b[12]' is connected directly to output port 'b[10]'. (LINT-31)
Warning: In design 'fp16_to_fp32', output port 'b[12]' is connected directly to output port 'b[11]'. (LINT-31)
Warning: In design 'fp16_to_fp32', output port 'b[12]' is connected directly to 'logic 0'. (LINT-52)
Warning: In design 'fp16_to_fp32', output port 'b[11]' is connected directly to 'logic 0'. (LINT-52)
Warning: In design 'fp16_to_fp32', output port 'b[10]' is connected directly to 'logic 0'. (LINT-52)
Warning: In design 'fp16_to_fp32', output port 'b[9]' is connected directly to 'logic 0'. (LINT-52)
Warning: In design 'fp16_to_fp32', output port 'b[8]' is connected directly to 'logic 0'. (LINT-52)
Warning: In design 'fp16_to_fp32', output port 'b[7]' is connected directly to 'logic 0'. (LINT-52)
Warning: In design 'fp16_to_fp32', output port 'b[6]' is connected directly to 'logic 0'. (LINT-52)
Warning: In design 'fp16_to_fp32', output port 'b[5]' is connected directly to 'logic 0'. (LINT-52)
Warning: In design 'fp16_to_fp32', output port 'b[4]' is connected directly to 'logic 0'. (LINT-52)
Warning: In design 'fp16_to_fp32', output port 'b[3]' is connected directly to 'logic 0'. (LINT-52)
Warning: In design 'fp16_to_fp32', output port 'b[2]' is connected directly to 'logic 0'. (LINT-52)
Warning: In design 'fp16_to_fp32', output port 'b[1]' is connected directly to 'logic 0'. (LINT-52)
Warning: In design 'fp16_to_fp32', output port 'b[0]' is connected directly to 'logic 0'. (LINT-52)
1
